// Jest Snapshot v1, https://goo.gl/fbAQLP

exports[`Home should render Home page 1`] = `
<div
  id="root"
>
  <div>
    <nav>
      
    
      <img
        class="logo"
        src="./icons&img/logo.png"
      />
      
   
    
    </nav>
    

    
    <main>
      
    
      <div
        class="main-container"
      >
        

    
        <div
          class="welcome-container"
        >
          
    
          <h1>
            La comunidad más grande de lectores
          </h1>
          
    
        </div>
        
    
    
        <div
          class="secondary-container"
        >
          
    
          <input
            class="login-button"
            id="loginButton"
            type="button"
            value="Inicia sesión"
          />
          
    
          <p>
            ¿No tienes una cuenta?
          </p>
          
    
          <a
            id="signUpA"
          >
            Regístrate
          </a>
          
    
          <p
            id="ms"
          />
          
    
        </div>
        
  
    
      </div>
      
    
    </main>
  </div>
</div>
`;
