// Jest Snapshot v1, https://goo.gl/fbAQLP

exports[`Profile should render Profile page 1`] = `
"() =&gt; {
  /* istanbul ignore next */
  cov_bdxighzk6().f[0]++;
  const container =
  /* istanbul ignore next */
  (cov_bdxighzk6().s[1]++, document.createElement('div'));
  const html =
  /* istanbul ignore next */
  (cov_bdxighzk6().s[2]++, \`&lt;nav&gt;
    &lt;div&gt;
    &lt;img class='logo1 logo' src='./icons&amp;img/logo.png'&gt; &lt;/div&gt;
    &lt;div id='profile' class='icons img-profile'&gt;
   &lt;img class='logout'src='./icons&amp;img/logout.svg'&gt;
    &lt;/div&gt;&lt;/nav&gt;
  
    &lt;div class='profile-conteiner'&gt;
    &lt;div class='profile'&gt;
  &lt;img id='profileImage' src=''&gt;
  &lt;form class='profile-form'&gt; 
 
  &lt;input id='Nombre' value='' type=text &gt;
  &lt;input id='Email' value='' type=text &gt;
  &lt;input id='photo' value='Selecciona tu foto de perfil'  type=file acept='image/*'&gt;
 
  &lt;button id='publicar' class='button' type=submit&gt;Guardar Cambios&lt;/button&gt;&lt;/form&gt;
 &lt;/div&gt;
   &lt;div id='postUserCointainer' class='profile-timeline posts-container'&gt;&lt;/div&gt;
   &lt;div id='footer-conteiner'&gt;
  &lt;footer id='footer'&gt;
  &lt;img class='icon' id='createPost' src='./icons&amp;img/createicon.svg'&gt;  &lt;/div&gt;
    &lt;/footer&gt;
    &lt;/div&gt;\`);

  /* istanbul ignore next */
  cov_bdxighzk6().s[3]++;
  container.innerHTML = html;

  /* istanbul ignore next */
  cov_bdxighzk6().s[4]++;

  /* istanbul ignore next */
  _firebaseClient.
  /* istanbul ignore next */
  fbFunctions.getCurrentUserPosts();

  /* istanbul ignore next */
  cov_bdxighzk6().s[5]++;

  /* istanbul ignore next */
  _firebaseClient.
  /* istanbul ignore next */
  fbFunctions.comprobar();

  /* istanbul ignore next */
  cov_bdxighzk6().s[6]++;

  /* istanbul ignore next */
  _firebaseClient.
  /* istanbul ignore next */
  fbFunctions.setDataProfile();

  const logout =
  /* istanbul ignore next */
  (cov_bdxighzk6().s[7]++, container.querySelector('.logout'));

  /* istanbul ignore next */
  cov_bdxighzk6().s[8]++;
  logout.addEventListener('click', () =&gt; {
    /* istanbul ignore next */
    cov_bdxighzk6().f[1]++;
    cov_bdxighzk6().s[9]++;

    /* istanbul ignore next */
    _firebaseClient.
    /* istanbul ignore next */
    fbFunctions.userLogout().then(() =&gt; {
      /* istanbul ignore next */
      cov_bdxighzk6().f[2]++;
      cov_bdxighzk6().s[10]++;
      console.log('logout exitoso');
    });
  });
  const data =
  /* istanbul ignore next */
  (cov_bdxighzk6().s[11]++, container.querySelector('.profile-form'));

  /* istanbul ignore next */
  cov_bdxighzk6().s[12]++;
  data.addEventListener('submit', (e) =&gt; {
    /* istanbul ignore next */
    cov_bdxighzk6().f[3]++;
    cov_bdxighzk6().s[13]++;
    e.preventDefault();
    const name =
    /* istanbul ignore next */
    (cov_bdxighzk6().s[14]++, container.getElementById('Nombre').value);
    const email =
    /* istanbul ignore next */
    (cov_bdxighzk6().s[15]++, container.getElementById('Email').value);
    const photo =
    /* istanbul ignore next */
    (cov_bdxighzk6().s[16]++, container.getElementById('photo').files[0]);

    /* istanbul ignore next */
    cov_bdxighzk6().s[17]++;

    /* istanbul ignore next */
    _firebaseClient.
    /* istanbul ignore next */
    fbFunctions.updateStringsProfile(name, email).then(() =&gt; {
      /* istanbul ignore next */
      cov_bdxighzk6().f[4]++;
      cov_bdxighzk6().s[18]++;
      console.log('Perfil editado');
    }).catch((error) =&gt; {
      /* istanbul ignore next */
      cov_bdxighzk6().f[5]++;
      cov_bdxighzk6().s[19]++;
      console.error('Error writing document: ', error);
    });

    /* istanbul ignore next */
    cov_bdxighzk6().s[20]++;

    /* istanbul ignore next */
    _firebaseClient.
    /* istanbul ignore next */
    fbFunctions.pushNewPhoto(photo, photo.name).then(() =&gt; {
      /* istanbul ignore next */
      cov_bdxighzk6().f[6]++;
      cov_bdxighzk6().s[21]++;
      console.log('Perfil editado');

      /* istanbul ignore next */
      cov_bdxighzk6().s[22]++;

      /* istanbul ignore next */
      _firebaseClient.
      /* istanbul ignore next */
      fbFunctions.pullNewPhoto(photo.name).then((url) =&gt; {
        /* istanbul ignore next */
        cov_bdxighzk6().f[7]++;
        cov_bdxighzk6().s[23]++;

        /* istanbul ignore next */
        _firebaseClient.
        /* istanbul ignore next */
        fbFunctions.updatePhotoProfile(url).then(() =&gt; {
          /* istanbul ignore next */
          cov_bdxighzk6().f[8]++;
          cov_bdxighzk6().s[24]++;

          /* istanbul ignore next */
          (0,
          /* istanbul ignore next */
          _routes.
          /* istanbul ignore next */
          onNavigate)('/profile');
        });
      });
    }).catch((error) =&gt; {
      /* istanbul ignore next */
      cov_bdxighzk6().f[9]++;
      cov_bdxighzk6().s[25]++;
      console.error('Error writing document: ', error);
    });
  });

  /* istanbul ignore next */
  cov_bdxighzk6().s[26]++;
  return container;
}"
`;
